Build command: nix build --impure --expr 'import /tmp/tmp8p0qvkdb.nix' --no-link
Exit code: 1
Build time: 1.07s

=== STDOUT ===


=== STDERR ===
error:
       … while evaluating the attribute 'drvPath'
         at /nix/store/yff8cp4mrjrf71i1g9llxqpip8a6sfyj-source/lib/customisation.nix:429:7:
          428|     // {
          429|       drvPath =
             |       ^
          430|         assert condition;

       … while calling the 'derivationStrict' builtin
         at <nix/derivation-internal.nix>:37:12:
           36|
           37|   strict = derivationStrict drvAttrs;
             |            ^
           38|

       (stack trace truncated; use '--show-trace' to show the full, detailed trace)

       error: opening file '/av/test-samples.toml': No such file or directory

