Build command: nix build --impure --expr 'import /tmp/tmp582mkw8e.nix' --no-link
Exit code: 1
Build time: 0.33s

=== STDOUT ===


=== STDERR ===
error:
       … while calling the 'import' builtin
         at «string»:1:1:
            1| import /tmp/tmp582mkw8e.nix
             | ^

       … while evaluating the file '/tmp/tmp582mkw8e.nix':

       … while evaluating the attribute 'vscode-extensions.kilocode.kilo-code'
         at /tmp/tmp582mkw8e.nix:14:5:
           13|   overlay = self: super: {
           14|     vscode-extensions.kilocode = super.vscode-extensions.kilocode // {
             |     ^
           15|       kilo-code = self.vscode-extensions.kilocode.callPackage (

       (stack trace truncated; use '--show-trace' to show the full, detailed trace)

       error: attribute 'kilocode' missing
       at /tmp/tmp582mkw8e.nix:14:34:
           13|   overlay = self: super: {
           14|     vscode-extensions.kilocode = super.vscode-extensions.kilocode // {
             |                                  ^
           15|       kilo-code = self.vscode-extensions.kilocode.callPackage (

