Build command: nix build --impure --expr 'import /tmp/tmpyc3oqwdi.nix' --no-link
Exit code: 1
Build time: 0.49s

=== STDOUT ===


=== STDERR ===
error:
       … while evaluating the attribute 'drvPath'
         at /nix/store/qdpngwc9f0rr4ph265nwwz4hmfq8xjz9-source/lib/customisation.nix:418:7:
          417|     // {
          418|       drvPath =
             |       ^
          419|         assert condition;

       … while calling the 'derivationStrict' builtin
         at <nix/derivation-internal.nix>:37:12:
           36|
           37|   strict = derivationStrict drvAttrs;
             |            ^
           38|

       (stack trace truncated; use '--show-trace' to show the full, detailed trace)

       error: undefined variable 'image'
       at /tmp/tmpyc3oqwdi.nix:48:5:
           47|   dependencies = with python3Packages; [
           48|     image
             |     ^
           49|     pypinyin

