Build command: nix build --impure --expr 'import /tmp/tmppwoui_0d.nix' --no-link
Exit code: 1
Build time: 0.36s

=== STDOUT ===


=== STDERR ===
error:
       … while calling the 'import' builtin
         at «string»:1:1:
            1| import /tmp/tmppwoui_0d.nix
             | ^

       … while evaluating the file '/tmp/tmppwoui_0d.nix':

       … while evaluating the attribute 'python313Pacakges.azure-mgmt-databricks'
         at /tmp/tmppwoui_0d.nix:14:5:
           13|   overlay = self: super: {
           14|     python313Pacakges = super.python313Pacakges // {
             |     ^
           15|       azure-mgmt-databricks = self.python313Pacakges.callPackage (

       (stack trace truncated; use '--show-trace' to show the full, detailed trace)

       error: attribute 'python313Pacakges' missing
       at /tmp/tmppwoui_0d.nix:14:25:
           13|   overlay = self: super: {
           14|     python313Pacakges = super.python313Pacakges // {
             |                         ^
           15|       azure-mgmt-databricks = self.python313Pacakges.callPackage (
       Did you mean python313Packages?

