Build command: nix build --impure --expr 'import /tmp/tmpnxizds9e.nix' --no-link
Exit code: 1
Build time: 2.22s

=== STDOUT ===


=== STDERR ===
error:
       … in the condition of the assert statement
         at /nix/store/xyylylpxjnms8qb7w3i3zbl98b091j1m-source/lib/customisation.nix:429:9:
          428|       drvPath =
          429|         assert condition;
             |         ^
          430|         drv.drvPath;

       … in the right operand of the IMPL (->) operator
         at /nix/store/xyylylpxjnms8qb7w3i3zbl98b091j1m-source/pkgs/development/interpreters/python/python2/mk-python-derivation.nix:300:12:
          299| lib.extendDerivation (
          300|   disabled -> throw "${name} not supported for interpreter ${python.executable}"
             |            ^
          301| ) passthru self

       (stack trace truncated; use '--show-trace' to show the full, detailed trace)

       error: tt-smi-3.0.30 not supported for interpreter python2.7

