Build command: nix build --impure --expr 'import /tmp/tmp5mulqhn6.nix' --no-link
Exit code: 1
Build time: 0.36s

=== STDOUT ===


=== STDERR ===
error:
       … while evaluating the attribute 'drvPath'
         at /nix/store/mhccgdrs0l42c8dhvcnxffs6myp6zcyx-source/lib/customisation.nix:429:7:
          428|     // {
          429|       drvPath =
             |       ^
          430|         assert condition;

       … in the condition of the assert statement
         at /nix/store/mhccgdrs0l42c8dhvcnxffs6myp6zcyx-source/lib/customisation.nix:430:9:
          429|       drvPath =
          430|         assert condition;
             |         ^
          431|         drv.drvPath;

       (stack trace truncated; use '--show-trace' to show the full, detailed trace)

       error: Package ‘python3.13-apple-compress-0.2.3’ in /tmp/tmp5mulqhn6.nix:52 is not available on the requested hostPlatform:
         hostPlatform.system = "x86_64-linux"
         package.meta.platforms = [
           "x86_64-darwin"
           "aarch64-darwin"
         ]
         package.meta.badPlatforms = [ ]
       , refusing to evaluate.

       a) To temporarily allow packages that are unsupported for this system, you can use an environment variable
          for a single invocation of the nix tools.

            $ export NIXPKGS_ALLOW_UNSUPPORTED_SYSTEM=1

          Note: When using `nix shell`, `nix build`, `nix develop`, etc with a flake,
                then pass `--impure` in order to allow use of environment variables.

       b) For `nixos-rebuild` you can set
         { nixpkgs.config.allowUnsupportedSystem = true; }
       in configuration.nix to override this.

       c) For `nix-env`, `nix-build`, `nix-shell` or any other Nix command you can add
         { allowUnsupportedSystem = true; }
       to ~/.config/nixpkgs/config.nix.

