Build command: nix build --impure --expr 'import /tmp/tmpsmbvbep3.nix' --no-link
Exit code: 1
Build time: 0.95s

=== STDOUT ===


=== STDERR ===
error:
       … while calling the 'import' builtin
         at «string»:1:1:
            1| import /tmp/tmpsmbvbep3.nix
             | ^

       … while evaluating the file '/tmp/tmpsmbvbep3.nix':

       … while evaluating the attribute 'python3packages.pyppeteer-ng'
         at /tmp/tmpsmbvbep3.nix:14:5:
           13|   overlay = self: super: {
           14|     python3packages = super.python3packages // {
             |     ^
           15|       pyppeteer-ng = self.python3packages.callPackage (

       (stack trace truncated; use '--show-trace' to show the full, detailed trace)

       error: attribute 'python3packages' missing
       at /tmp/tmpsmbvbep3.nix:14:23:
           13|   overlay = self: super: {
           14|     python3packages = super.python3packages // {
             |                       ^
           15|       pyppeteer-ng = self.python3packages.callPackage (
       Did you mean one of python3Packages, python2Packages or pythonPackages?

