Build command: nix build --impure --expr 'import /tmp/tmp0tofuaif.nix' --no-link
Exit code: 1
Build time: 0.33s

=== STDOUT ===


=== STDERR ===
error:
       … in the condition of the assert statement
         at /nix/store/4bdm5fcwix168v4l6rr9p7a9iafgp6zs-source/lib/customisation.nix:429:9:
          428|       drvPath =
          429|         assert condition;
             |         ^
          430|         drv.drvPath;

       … while evaluating the attribute 'handled'
         at /nix/store/4bdm5fcwix168v4l6rr9p7a9iafgp6zs-source/pkgs/stdenv/generic/check-meta.nix:663:9:
          662|         # or, alternatively, just output a warning message.
          663|         handled = (
             |         ^
          664|           if valid == "yes" then

       (stack trace truncated; use '--show-trace' to show the full, detailed trace)

       error: Package ‘applesauce-0.5.19’ in /tmp/tmp0tofuaif.nix:36 is not available on the requested hostPlatform:
         hostPlatform.system = "x86_64-linux"
         package.meta.platforms = [
           "x86_64-darwin"
           "aarch64-darwin"
         ]
         package.meta.badPlatforms = [
           {
             abi = {
               abi = "n32";
             };
             cpu = {
               bits = 64;
               family = "mips";
             };
           }
         ]
       , refusing to evaluate.

       a) To temporarily allow packages that are unsupported for this system, you can use an environment variable
          for a single invocation of the nix tools.

            $ export NIXPKGS_ALLOW_UNSUPPORTED_SYSTEM=1

          Note: When using `nix shell`, `nix build`, `nix develop`, etc with a flake,
                then pass `--impure` in order to allow use of environment variables.

       b) For `nixos-rebuild` you can set
         { nixpkgs.config.allowUnsupportedSystem = true; }
       in configuration.nix to override this.

       c) For `nix-env`, `nix-build`, `nix-shell` or any other Nix command you can add
         { allowUnsupportedSystem = true; }
       to ~/.config/nixpkgs/config.nix.

