Build command: nix build --impure --expr 'import /tmp/tmpru_hhzzx.nix' --no-link
Exit code: 1
Build time: 9.33s

=== STDOUT ===


=== STDERR ===
error:
       … while evaluating the attribute 'drvPath'
         at /nix/store/cjgyf9phi7rri0jjbxl2l3xnrq1c82j3-source/lib/customisation.nix:418:7:
          417|     // {
          418|       drvPath =
             |       ^
          419|         assert condition;

       … while calling the 'derivationStrict' builtin
         at <nix/derivation-internal.nix>:37:12:
           36|
           37|   strict = derivationStrict drvAttrs;
             |            ^
           38|

       (stack trace truncated; use '--show-trace' to show the full, detailed trace)

       error: undefined variable 'rendercv-fonts'
       at /tmp/tmpru_hhzzx.nix:49:5:
           48|     typst
           49|     rendercv-fonts
             |     ^
           50|     packaging

