Build command: nix build --impure --expr 'import /tmp/tmp0q5dx2ep.nix' --no-link
Exit code: 1
Build time: 6.47s

=== STDOUT ===


=== STDERR ===
error:
       … while evaluating the attribute 'drvPath'
         at /nix/store/bs1sz392mx4ig6l17a6baj8qv1w9pr4s-source/lib/customisation.nix:418:7:
          417|     // {
          418|       drvPath =
             |       ^
          419|         assert condition;

       … while calling the 'derivationStrict' builtin
         at <nix/derivation-internal.nix>:37:12:
           36|
           37|   strict = derivationStrict drvAttrs;
             |            ^
           38|

       (stack trace truncated; use '--show-trace' to show the full, detailed trace)

       error: undefined variable 'nmcli'
       at /tmp/tmp0q5dx2ep.nix:54:5:
           53|     pygobject3
           54|     nmcli
             |     ^
           55|   ];

