Build command: nix build --impure --expr 'import /tmp/tmpwtlsfyky.nix' --no-link
Exit code: 1
Build time: 15.18s

=== STDOUT ===


=== STDERR ===
these 3 derivations will be built:
  /nix/store/nhvl91ifgn6j3b5jnpvhnykz9mznjzxd-lua-5.2.4-env.drv
  /nix/store/5a7kkg1j2s81ifnsrrc6y5pa8cb4wdhv-mpv-with-scripts-0.40.0.drv
  /nix/store/zlv46r8cqn6ygq7d143fixpc5jy630nf-switchfin-0.7.5.drv
these 45 paths will be fetched (51.17 MiB download, 189.63 MiB unpacked):
  /nix/store/n70j4vizb6sygnjp6c2yj7c7cyqzh4cc-atomicparsley-20240608.083822.1ed9031
  /nix/store/yqk5sxwlnsnj19y23ji7f8p1z60szma1-curl-impersonate-chrome-1.2.0
  /nix/store/jcxraypm54if3vkm9vj3bgzws33dlr9f-ffmpeg-7.1.1
  /nix/store/gv6hzafnw9var1jnzyn398v710wfybw2-ffmpeg-7.1.1-bin
  /nix/store/f3fyrww8bq0w4p1r5ckxl1v0bgfii961-ffmpeg-7.1.1-data
  /nix/store/h27rbqihcx3avnl187fzl3f77sfqnmgj-ffmpeg-7.1.1-dev
  /nix/store/s7v9zh8wiy1gkfw00qp3vph4k23f7cms-ffmpeg-7.1.1-lib
  /nix/store/3qcknfa5pny8h84qdssj4mn0kgy3x5h5-ffmpeg-headless-7.1.1-bin
  /nix/store/gb5pbr00lh9wk14y0xq92mh7ddsp048f-fmt-11.2.0
  /nix/store/ajzaakbyyn9l9dzgp01g7bvfijqvpb6j-fmt-11.2.0-dev
  /nix/store/hqsqcn1zvp4lgxh1b6ijb47n5p340pg1-freefont-ttf-20120503
  /nix/store/wjbkq7kjvp49af962mih1l5fvq2qizgf-libXScrnSaver-1.2.5
  /nix/store/35zh9lb6790vh70czk61yikcra5lbwxz-libXpresent-1.0.2
  /nix/store/qfrf2dlra5ynjcwna2ya142cmdhl3q60-libcaca-0.99.beta20
  /nix/store/wfs68yp1zhsm6xrx7hkb5xz2gm0rjb63-libdecor-0.2.3
  /nix/store/4sj756jb4gfsq254dk36flvgwaxlrwgp-libdisplay-info-0.2.0
  /nix/store/81yh8h57fphxim7nvga68v6535b64x5i-libdovi-3.3.1
  /nix/store/i6gfsv452k3siv0rrf2izxp2qdvcy601-libplacebo-7.351.0
  /nix/store/wxhwzf4wqx2ydnv6k060ynh6abr7hq4n-libvdpau-1.5
  /nix/store/35y0kmdxr0xpy170q04ypaibi9gzskrp-lua-5.2.4
  /nix/store/g5161g8hvj702j21b8xzy1xrjkdsdbvz-lua-5.2.4-env
  /nix/store/191j5lr89c45ywhsfr58i3xxa76k1wdd-lua5.2-luasocket-3.1.0-1
  /nix/store/s8yzk9c7l5s9mh669f852gyg4nhy1h7m-mpv-0.40.0
  /nix/store/ba94jkrcnj733y65hhyn8xh3z8b6pvrs-mpv-0.40.0-dev
  /nix/store/xvfj5rrr10iv212ca60yaggszjswn07h-mpv-0.40.0-doc
  /nix/store/7h8mm9bvxsxcfiig68qqgzxh1p0lpq3y-mpv-0.40.0-man
  /nix/store/8ayhllbqi4v326pqhx833c9gg68qgdpr-mujs-1.3.6
  /nix/store/9c47n4dpc8xxfp3vlvbdga4a0hpn7gc2-python3.13-curl-cffi-0.12.0
  /nix/store/gwvwwvp0fivlv1mxc7dxj5l9k3mq6l3y-python3.13-jeepney-0.9
  /nix/store/3qb3c8z5kfj8vkikvh02yn7czyrr50rw-python3.13-mutagen-1.47.0
  /nix/store/2yr9l2d54r5zq2bacp8kl7026jq89bc9-python3.13-pycryptodomex-3.23.0
  /nix/store/i42rkv0ag98v1ph4czj1x7mqfksgfqx7-python3.13-secretstorage-3.3.3
  /nix/store/bs4ar3srnjr6376dq7kjhlkcfnkgwr3q-python3.13-websockets-15.0.1
  /nix/store/ag7kii4c2h427ls60swikjigzw7rcfgh-rubberband-4.0.0
  /nix/store/9cz9h4rfwyf7naks83cdlvyanaj13k2x-sdl2-compat-2.32.56
  /nix/store/jhn5x6c698ri1lp3n00xgnwvnrvhkpig-sdl2-compat-2.32.56-dev
  /nix/store/4dvywa9i71jq5x4fw6g7g84yvgin2hib-sdl3-3.2.22-lib
  /nix/store/icycdqhvcbpxblfsda3ndl59s7nnjyhj-shaderc-2025.3-lib
  /nix/store/1vlr29i1l6hdwaqsi33il0xmc7ivzz2l-source
  /nix/store/hdnh5rf4myvcif17xsj5rbwalsz5lcga-tinyxml2-11.0.0
  /nix/store/yk4alxvlnjjw46733jgdq4vp2nfdvp5b-tweeny-3.2.1
  /nix/store/519djs3192b2d68080ih6rh5jzv7rzm7-uchardet-0.0.8
  /nix/store/0rgj32dhdxd24sxs0hqbnf9v2h0gixyy-vamp-plugin-sdk-2.10
  /nix/store/a0wpb4cnff31153ap0d6xsr2waxbd1hp-yt-dlp-2025.09.26
  /nix/store/xjr3x5nnh2qr1n7a7n4q05wmb2c73555-zenity-4.1.90
copying path '/nix/store/1vlr29i1l6hdwaqsi33il0xmc7ivzz2l-source' from 'https://cache.nixos.org'...
copying path '/nix/store/hdnh5rf4myvcif17xsj5rbwalsz5lcga-tinyxml2-11.0.0' from 'https://cache.nixos.org'...
copying path '/nix/store/yk4alxvlnjjw46733jgdq4vp2nfdvp5b-tweeny-3.2.1' from 'https://cache.nixos.org'...
copying path '/nix/store/jcxraypm54if3vkm9vj3bgzws33dlr9f-ffmpeg-7.1.1' from 'https://cache.nixos.org'...
copying path '/nix/store/xvfj5rrr10iv212ca60yaggszjswn07h-mpv-0.40.0-doc' from 'https://cache.nixos.org'...
copying path '/nix/store/7h8mm9bvxsxcfiig68qqgzxh1p0lpq3y-mpv-0.40.0-man' from 'https://cache.nixos.org'...
copying path '/nix/store/f3fyrww8bq0w4p1r5ckxl1v0bgfii961-ffmpeg-7.1.1-data' from 'https://cache.nixos.org'...
copying path '/nix/store/hqsqcn1zvp4lgxh1b6ijb47n5p340pg1-freefont-ttf-20120503' from 'https://cache.nixos.org'...
copying path '/nix/store/gb5pbr00lh9wk14y0xq92mh7ddsp048f-fmt-11.2.0' from 'https://cache.nixos.org'...
copying path '/nix/store/n70j4vizb6sygnjp6c2yj7c7cyqzh4cc-atomicparsley-20240608.083822.1ed9031' from 'https://cache.nixos.org'...
copying path '/nix/store/3qcknfa5pny8h84qdssj4mn0kgy3x5h5-ffmpeg-headless-7.1.1-bin' from 'https://cache.nixos.org'...
copying path '/nix/store/35zh9lb6790vh70czk61yikcra5lbwxz-libXpresent-1.0.2' from 'https://cache.nixos.org'...
copying path '/nix/store/qfrf2dlra5ynjcwna2ya142cmdhl3q60-libcaca-0.99.beta20' from 'https://cache.nixos.org'...
copying path '/nix/store/wjbkq7kjvp49af962mih1l5fvq2qizgf-libXScrnSaver-1.2.5' from 'https://cache.nixos.org'...
copying path '/nix/store/4sj756jb4gfsq254dk36flvgwaxlrwgp-libdisplay-info-0.2.0' from 'https://cache.nixos.org'...
copying path '/nix/store/wxhwzf4wqx2ydnv6k060ynh6abr7hq4n-libvdpau-1.5' from 'https://cache.nixos.org'...
copying path '/nix/store/yqk5sxwlnsnj19y23ji7f8p1z60szma1-curl-impersonate-chrome-1.2.0' from 'https://cache.nixos.org'...
copying path '/nix/store/wfs68yp1zhsm6xrx7hkb5xz2gm0rjb63-libdecor-0.2.3' from 'https://cache.nixos.org'...
copying path '/nix/store/81yh8h57fphxim7nvga68v6535b64x5i-libdovi-3.3.1' from 'https://cache.nixos.org'...
copying path '/nix/store/35y0kmdxr0xpy170q04ypaibi9gzskrp-lua-5.2.4' from 'https://cache.nixos.org'...
copying path '/nix/store/8ayhllbqi4v326pqhx833c9gg68qgdpr-mujs-1.3.6' from 'https://cache.nixos.org'...
copying path '/nix/store/gwvwwvp0fivlv1mxc7dxj5l9k3mq6l3y-python3.13-jeepney-0.9' from 'https://cache.nixos.org'...
copying path '/nix/store/3qb3c8z5kfj8vkikvh02yn7czyrr50rw-python3.13-mutagen-1.47.0' from 'https://cache.nixos.org'...
copying path '/nix/store/2yr9l2d54r5zq2bacp8kl7026jq89bc9-python3.13-pycryptodomex-3.23.0' from 'https://cache.nixos.org'...
copying path '/nix/store/ajzaakbyyn9l9dzgp01g7bvfijqvpb6j-fmt-11.2.0-dev' from 'https://cache.nixos.org'...
copying path '/nix/store/bs4ar3srnjr6376dq7kjhlkcfnkgwr3q-python3.13-websockets-15.0.1' from 'https://cache.nixos.org'...
copying path '/nix/store/icycdqhvcbpxblfsda3ndl59s7nnjyhj-shaderc-2025.3-lib' from 'https://cache.nixos.org'...
copying path '/nix/store/519djs3192b2d68080ih6rh5jzv7rzm7-uchardet-0.0.8' from 'https://cache.nixos.org'...
copying path '/nix/store/0rgj32dhdxd24sxs0hqbnf9v2h0gixyy-vamp-plugin-sdk-2.10' from 'https://cache.nixos.org'...
copying path '/nix/store/xjr3x5nnh2qr1n7a7n4q05wmb2c73555-zenity-4.1.90' from 'https://cache.nixos.org'...
copying path '/nix/store/i42rkv0ag98v1ph4czj1x7mqfksgfqx7-python3.13-secretstorage-3.3.3' from 'https://cache.nixos.org'...
copying path '/nix/store/191j5lr89c45ywhsfr58i3xxa76k1wdd-lua5.2-luasocket-3.1.0-1' from 'https://cache.nixos.org'...
copying path '/nix/store/ag7kii4c2h427ls60swikjigzw7rcfgh-rubberband-4.0.0' from 'https://cache.nixos.org'...
copying path '/nix/store/g5161g8hvj702j21b8xzy1xrjkdsdbvz-lua-5.2.4-env' from 'https://cache.nixos.org'...
copying path '/nix/store/9c47n4dpc8xxfp3vlvbdga4a0hpn7gc2-python3.13-curl-cffi-0.12.0' from 'https://cache.nixos.org'...
copying path '/nix/store/4dvywa9i71jq5x4fw6g7g84yvgin2hib-sdl3-3.2.22-lib' from 'https://cache.nixos.org'...
copying path '/nix/store/a0wpb4cnff31153ap0d6xsr2waxbd1hp-yt-dlp-2025.09.26' from 'https://cache.nixos.org'...
copying path '/nix/store/9cz9h4rfwyf7naks83cdlvyanaj13k2x-sdl2-compat-2.32.56' from 'https://cache.nixos.org'...
copying path '/nix/store/s7v9zh8wiy1gkfw00qp3vph4k23f7cms-ffmpeg-7.1.1-lib' from 'https://cache.nixos.org'...
copying path '/nix/store/jhn5x6c698ri1lp3n00xgnwvnrvhkpig-sdl2-compat-2.32.56-dev' from 'https://cache.nixos.org'...
copying path '/nix/store/i6gfsv452k3siv0rrf2izxp2qdvcy601-libplacebo-7.351.0' from 'https://cache.nixos.org'...
copying path '/nix/store/gv6hzafnw9var1jnzyn398v710wfybw2-ffmpeg-7.1.1-bin' from 'https://cache.nixos.org'...
copying path '/nix/store/s8yzk9c7l5s9mh669f852gyg4nhy1h7m-mpv-0.40.0' from 'https://cache.nixos.org'...
copying path '/nix/store/h27rbqihcx3avnl187fzl3f77sfqnmgj-ffmpeg-7.1.1-dev' from 'https://cache.nixos.org'...
copying path '/nix/store/ba94jkrcnj733y65hhyn8xh3z8b6pvrs-mpv-0.40.0-dev' from 'https://cache.nixos.org'...
building '/nix/store/5a7kkg1j2s81ifnsrrc6y5pa8cb4wdhv-mpv-with-scripts-0.40.0.drv'...
building '/nix/store/zlv46r8cqn6ygq7d143fixpc5jy630nf-switchfin-0.7.5.drv'...
error: builder for '/nix/store/zlv46r8cqn6ygq7d143fixpc5jy630nf-switchfin-0.7.5.drv' failed with exit code 1;
       last 25 log lines:
       > -- Detecting C compile features - done
       > -- Detecting CXX compiler ABI info
       > -- Detecting CXX compiler ABI info - done
       > -- Check for working CXX compiler: /nix/store/dmypp1h4ldn0vfk3fi6yfyf5yxp9yz0k-gcc-wrapper-14.3.0/bin/g++ - skipped
       > -- Detecting CXX compile features
       > -- Detecting CXX compile features - done
       > -- Performing Test COMPILER_HAS_HIDDEN_VISIBILITY
       > -- Performing Test COMPILER_HAS_HIDDEN_VISIBILITY - Success
       > -- Performing Test COMPILER_HAS_HIDDEN_INLINE_VISIBILITY
       > -- Performing Test COMPILER_HAS_HIDDEN_INLINE_VISIBILITY - Success
       > -- Performing Test COMPILER_HAS_DEPRECATED_ATTR
       > -- Performing Test COMPILER_HAS_DEPRECATED_ATTR - Success
       > CMake Error at library/borealis/library/CMakeLists.txt:58 (find_package):
       >   Found package configuration file:
       >
       >     /nix/store/hdnh5rf4myvcif17xsj5rbwalsz5lcga-tinyxml2-11.0.0/lib/cmake/tinyxml2/tinyxml2-config.cmake
       >
       >   but it set tinyxml2_FOUND to FALSE so package "tinyxml2" is considered to
       >   be NOT FOUND.  Reason given by package:
       >
       >   tinyxml2 `shared` libraries were requested but not found.
       >
       >
       > 
       > -- Configuring incomplete, errors occurred!
       For full logs, run:
         nix log /nix/store/zlv46r8cqn6ygq7d143fixpc5jy630nf-switchfin-0.7.5.drv

